{
  "name": "sample_dir",
  "path": {
    "abs": "/Users/pavb5f/Documents/github/finfo/tests/fixtures/sample_dir",
    "rel": "/Users/pavb5f/Documents/github/finfo/tests/fixtures/sample_dir"
  },
  "is_dir": true,
  "type": {
    "description": "directory",
    "is_text": "n/a",
    "charset": ""
  },
  "size": {
    "bytes": 96,
    "human": "96B"
  },
  "lines": null,
  "perms": {
    "symbolic": "drwxr-xr-x",
    "octal": "40755",
    "explain": ""
  },
  "about": "",
  "filetype": {
    "pages": null,
    "headings": null,
    "columns": null,
    "delimiter": "",
    "image_dims": ""
  }
}
